../Drivers/CMSIS/Include/core_cm3.h:1876:26:ITM_SendChar	16	static,ignoring_inline_asm
../Core/Src/main.c:94:6:adcChannel_config	16	static
../Core/Src/main.c:102:6:HAL_TIM_PeriodElapsedCallback	16	static
../Core/Src/main.c:118:6:HAL_UART_RxCpltCallback	16	static
../Core/Src/main.c:135:5:_write	32	static
../Core/Src/main.c:144:5:DutytoPulse	16	static
../Core/Src/main.c:149:6:CLIPrint	1016	static
../Core/Src/main.c:161:6:SendTestResults	24	static
../Core/Src/main.c:184:5:main	104	static
../Core/Src/main.c:640:6:SystemClock_Config	88	static
../Core/Src/main.c:686:6:MX_ADC1_Init	8	static
../Core/Src/main.c:725:6:MX_TIM3_Init	32	static
../Core/Src/main.c:774:6:MX_TIM4_TEST2_Init	8	static
../Core/Src/main.c:820:6:MX_TIM4_TEST3_Init	8	static
../Core/Src/main.c:910:6:MX_TIM4_TEST5_Init	32	static
../Core/Src/main.c:957:6:MX_TIM4_TEST6_Init	8	static
../Core/Src/main.c:1003:6:MX_USART1_UART_Init	8	static
../Core/Src/main.c:1036:13:MX_GPIO_Init	40	static
../Core/Src/main.c:1065:6:Error_Handler	4	static,ignoring_inline_asm
