../Drivers/CMSIS/Include/core_cm3.h:1876:26:ITM_SendChar	4
../Core/Src/main.c:94:6:adcChannel_config	2
../Core/Src/main.c:102:6:HAL_TIM_PeriodElapsedCallback	6
../Core/Src/main.c:118:6:HAL_UART_RxCpltCallback	2
../Core/Src/main.c:135:5:_write	2
../Core/Src/main.c:144:5:DutytoPulse	1
../Core/Src/main.c:149:6:CLIPrint	1
../Core/Src/main.c:161:6:SendTestResults	3
../Core/Src/main.c:184:5:main	51
../Core/Src/main.c:640:6:SystemClock_Config	4
../Core/Src/main.c:686:6:MX_ADC1_Init	2
../Core/Src/main.c:725:6:MX_TIM3_Init	5
../Core/Src/main.c:774:6:MX_TIM4_TEST2_Init	4
../Core/Src/main.c:820:6:MX_TIM4_TEST3_Init	4
../Core/Src/main.c:910:6:MX_TIM4_TEST5_Init	5
../Core/Src/main.c:957:6:MX_TIM4_TEST6_Init	4
../Core/Src/main.c:1003:6:MX_USART1_UART_Init	2
../Core/Src/main.c:1036:13:MX_GPIO_Init	1
../Core/Src/main.c:1065:6:Error_Handler	1
